
[Test_tokenReader_getToken_InvalidRune - 1]
Invalid rune '`'
---
